Archive member included because of file (symbol)

c:/program files (x86)/atmel/avr studio 5.1/extensions/atmel/avrgcc/3.3.1.27/avrtoolchain/bin/../lib/gcc/avr/4.5.1/../../../../avr/lib/avr5\libm.a(cmpsf2.o)
                              lcd.o (__ltsf2)
c:/program files (x86)/atmel/avr studio 5.1/extensions/atmel/avrgcc/3.3.1.27/avrtoolchain/bin/../lib/gcc/avr/4.5.1/../../../../avr/lib/avr5\libm.a(fixunssfsi.o)
                              lcd.o (__fixunssfsi)
c:/program files (x86)/atmel/avr studio 5.1/extensions/atmel/avrgcc/3.3.1.27/avrtoolchain/bin/../lib/gcc/avr/4.5.1/../../../../avr/lib/avr5\libm.a(fp_cmp.o)
                              c:/program files (x86)/atmel/avr studio 5.1/extensions/atmel/avrgcc/3.3.1.27/avrtoolchain/bin/../lib/gcc/avr/4.5.1/../../../../avr/lib/avr5\libm.a(cmpsf2.o) (__fp_cmp)
c:/program files (x86)/atmel/avr studio 5.1/extensions/atmel/avrgcc/3.3.1.27/avrtoolchain/bin/../lib/gcc/avr/4.5.1/../../../../avr/lib/avr5\libm.a(fp_split3.o)
                              c:/program files (x86)/atmel/avr studio 5.1/extensions/atmel/avrgcc/3.3.1.27/avrtoolchain/bin/../lib/gcc/avr/4.5.1/../../../../avr/lib/avr5\libm.a(fixunssfsi.o) (__fp_splitA)
c:/program files (x86)/atmel/avr studio 5.1/extensions/atmel/avrgcc/3.3.1.27/avrtoolchain/bin/../lib/gcc/avr/4.5.1/../../../../avr/lib/avr5\libm.a(fp_zero.o)
                              c:/program files (x86)/atmel/avr studio 5.1/extensions/atmel/avrgcc/3.3.1.27/avrtoolchain/bin/../lib/gcc/avr/4.5.1/../../../../avr/lib/avr5\libm.a(fixunssfsi.o) (__fp_zero)
c:/program files (x86)/atmel/avr studio 5.1/extensions/atmel/avrgcc/3.3.1.27/avrtoolchain/bin/../lib/gcc/avr/4.5.1/../../../../avr/lib/avr5\libm.a(mulsf3.o)
                              lcd.o (__mulsf3)
c:/program files (x86)/atmel/avr studio 5.1/extensions/atmel/avrgcc/3.3.1.27/avrtoolchain/bin/../lib/gcc/avr/4.5.1/../../../../avr/lib/avr5\libm.a(mulsf3x.o)
                              c:/program files (x86)/atmel/avr studio 5.1/extensions/atmel/avrgcc/3.3.1.27/avrtoolchain/bin/../lib/gcc/avr/4.5.1/../../../../avr/lib/avr5\libm.a(mulsf3.o) (__mulsf3x)
c:/program files (x86)/atmel/avr studio 5.1/extensions/atmel/avrgcc/3.3.1.27/avrtoolchain/bin/../lib/gcc/avr/4.5.1/../../../../avr/lib/avr5\libm.a(fp_inf.o)
                              c:/program files (x86)/atmel/avr studio 5.1/extensions/atmel/avrgcc/3.3.1.27/avrtoolchain/bin/../lib/gcc/avr/4.5.1/../../../../avr/lib/avr5\libm.a(mulsf3x.o) (__fp_inf)
c:/program files (x86)/atmel/avr studio 5.1/extensions/atmel/avrgcc/3.3.1.27/avrtoolchain/bin/../lib/gcc/avr/4.5.1/../../../../avr/lib/avr5\libm.a(fp_nan.o)
                              c:/program files (x86)/atmel/avr studio 5.1/extensions/atmel/avrgcc/3.3.1.27/avrtoolchain/bin/../lib/gcc/avr/4.5.1/../../../../avr/lib/avr5\libm.a(mulsf3x.o) (__fp_nan)
c:/program files (x86)/atmel/avr studio 5.1/extensions/atmel/avrgcc/3.3.1.27/avrtoolchain/bin/../lib/gcc/avr/4.5.1/../../../../avr/lib/avr5\libm.a(fp_pscA.o)
                              c:/program files (x86)/atmel/avr studio 5.1/extensions/atmel/avrgcc/3.3.1.27/avrtoolchain/bin/../lib/gcc/avr/4.5.1/../../../../avr/lib/avr5\libm.a(mulsf3x.o) (__fp_pscA)
c:/program files (x86)/atmel/avr studio 5.1/extensions/atmel/avrgcc/3.3.1.27/avrtoolchain/bin/../lib/gcc/avr/4.5.1/../../../../avr/lib/avr5\libm.a(fp_pscB.o)
                              c:/program files (x86)/atmel/avr studio 5.1/extensions/atmel/avrgcc/3.3.1.27/avrtoolchain/bin/../lib/gcc/avr/4.5.1/../../../../avr/lib/avr5\libm.a(mulsf3x.o) (__fp_pscB)
c:/program files (x86)/atmel/avr studio 5.1/extensions/atmel/avrgcc/3.3.1.27/avrtoolchain/bin/../lib/gcc/avr/4.5.1/../../../../avr/lib/avr5\libm.a(fp_round.o)
                              c:/program files (x86)/atmel/avr studio 5.1/extensions/atmel/avrgcc/3.3.1.27/avrtoolchain/bin/../lib/gcc/avr/4.5.1/../../../../avr/lib/avr5\libm.a(mulsf3.o) (__fp_round)
c:/program files (x86)/atmel/avr studio 5.1/extensions/atmel/avrgcc/3.3.1.27/avrtoolchain/bin/../lib/gcc/avr/4.5.1/avr5\libgcc.a(_udivmodhi4.o)
                              lcd.o (__udivmodhi4)
c:/program files (x86)/atmel/avr studio 5.1/extensions/atmel/avrgcc/3.3.1.27/avrtoolchain/bin/../lib/gcc/avr/4.5.1/avr5\libgcc.a(_divmodhi4.o)
                              lcd.o (__divmodhi4)
c:/program files (x86)/atmel/avr studio 5.1/extensions/atmel/avrgcc/3.3.1.27/avrtoolchain/bin/../lib/gcc/avr/4.5.1/avr5\libgcc.a(_udivmodsi4.o)
                              GeneratorController.o (__udivmodsi4)
c:/program files (x86)/atmel/avr studio 5.1/extensions/atmel/avrgcc/3.3.1.27/avrtoolchain/bin/../lib/gcc/avr/4.5.1/avr5\libgcc.a(_exit.o)
                              c:/program files (x86)/atmel/avr studio 5.1/extensions/atmel/avrgcc/3.3.1.27/avrtoolchain/bin/../lib/gcc/avr/4.5.1/../../../../avr/lib/avr5/crtm168p.o (exit)
c:/program files (x86)/atmel/avr studio 5.1/extensions/atmel/avrgcc/3.3.1.27/avrtoolchain/bin/../lib/gcc/avr/4.5.1/avr5\libgcc.a(_copy_data.o)
                              GeneratorController.o (__do_copy_data)
c:/program files (x86)/atmel/avr studio 5.1/extensions/atmel/avrgcc/3.3.1.27/avrtoolchain/bin/../lib/gcc/avr/4.5.1/avr5\libgcc.a(_clear_bss.o)
                              GeneratorController.o (__do_clear_bss)
c:/program files (x86)/atmel/avr studio 5.1/extensions/atmel/avrgcc/3.3.1.27/avrtoolchain/bin/../lib/gcc/avr/4.5.1/../../../../avr/lib/avr5\libc.a(memset.o)
                              lcd.o (memset)
c:/program files (x86)/atmel/avr studio 5.1/extensions/atmel/avrgcc/3.3.1.27/avrtoolchain/bin/../lib/gcc/avr/4.5.1/../../../../avr/lib/avr5\libc.a(eerd_block_atmega168p.o)
                              settings.o (__eerd_block_m168p)
c:/program files (x86)/atmel/avr studio 5.1/extensions/atmel/avrgcc/3.3.1.27/avrtoolchain/bin/../lib/gcc/avr/4.5.1/../../../../avr/lib/avr5\libc.a(eeupd_block_atmega168p.o)
                              settings.o (__eeupd_block_m168p)
c:/program files (x86)/atmel/avr studio 5.1/extensions/atmel/avrgcc/3.3.1.27/avrtoolchain/bin/../lib/gcc/avr/4.5.1/../../../../avr/lib/avr5\libc.a(eeupd_byte_atmega168p.o)
                              c:/program files (x86)/atmel/avr studio 5.1/extensions/atmel/avrgcc/3.3.1.27/avrtoolchain/bin/../lib/gcc/avr/4.5.1/../../../../avr/lib/avr5\libc.a(eeupd_block_atmega168p.o) (__eeupd_r18_m168p)

Allocating common symbols
Common symbol       size              file

menu                0xb               GeneratorController.o
LCD_buffer          0x20              lcd.o
ps                  0x1               GeneratorController.o
ws                  0x1               GeneratorController.o
BTN1_status         0x4               GeneratorController.o
fault               0x1               GeneratorController.o
BTN2_status         0x4               GeneratorController.o
BTN3_status         0x4               GeneratorController.o
allSettings         0x7               GeneratorController.o

Memory Configuration

Name             Origin             Length             Attributes
text             0x00000000         0x00020000         xr
data             0x00800060         0x0000ffa0         rw !x
eeprom           0x00810000         0x00010000         rw !x
fuse             0x00820000         0x00000400         rw !x
lock             0x00830000         0x00000400         rw !x
signature        0x00840000         0x00000400         rw !x
*default*        0x00000000         0xffffffff

Linker script and memory map

Address of section .data set to 0x800100
LOAD c:/program files (x86)/atmel/avr studio 5.1/extensions/atmel/avrgcc/3.3.1.27/avrtoolchain/bin/../lib/gcc/avr/4.5.1/../../../../avr/lib/avr5/crtm168p.o
LOAD GeneratorController.o
LOAD io_ports.o
LOAD lcd.o
LOAD Menu.o
LOAD settings.o
LOAD c:/program files (x86)/atmel/avr studio 5.1/extensions/atmel/avrgcc/3.3.1.27/avrtoolchain/bin/../lib/gcc/avr/4.5.1/../../../../avr/lib/avr5\libm.a
LOAD c:/program files (x86)/atmel/avr studio 5.1/extensions/atmel/avrgcc/3.3.1.27/avrtoolchain/bin/../lib/gcc/avr/4.5.1/avr5\libgcc.a
LOAD c:/program files (x86)/atmel/avr studio 5.1/extensions/atmel/avrgcc/3.3.1.27/avrtoolchain/bin/../lib/gcc/avr/4.5.1/../../../../avr/lib/avr5\libc.a
LOAD c:/program files (x86)/atmel/avr studio 5.1/extensions/atmel/avrgcc/3.3.1.27/avrtoolchain/bin/../lib/gcc/avr/4.5.1/avr5\libgcc.a

.hash
 *(.hash)

.dynsym
 *(.dynsym)

.dynstr
 *(.dynstr)

.gnu.version
 *(.gnu.version)

.gnu.version_d
 *(.gnu.version_d)

.gnu.version_r
 *(.gnu.version_r)

.rel.init
 *(.rel.init)

.rela.init
 *(.rela.init)

.rel.text
 *(.rel.text)
 *(.rel.text.*)
 *(.rel.gnu.linkonce.t*)

.rela.text
 *(.rela.text)
 *(.rela.text.*)
 *(.rela.gnu.linkonce.t*)

.rel.fini
 *(.rel.fini)

.rela.fini
 *(.rela.fini)

.rel.rodata
 *(.rel.rodata)
 *(.rel.rodata.*)
 *(.rel.gnu.linkonce.r*)

.rela.rodata
 *(.rela.rodata)
 *(.rela.rodata.*)
 *(.rela.gnu.linkonce.r*)

.rel.data
 *(.rel.data)
 *(.rel.data.*)
 *(.rel.gnu.linkonce.d*)

.rela.data
 *(.rela.data)
 *(.rela.data.*)
 *(.rela.gnu.linkonce.d*)

.rel.ctors
 *(.rel.ctors)

.rela.ctors
 *(.rela.ctors)

.rel.dtors
 *(.rel.dtors)

.rela.dtors
 *(.rela.dtors)

.rel.got
 *(.rel.got)

.rela.got
 *(.rela.got)

.rel.bss
 *(.rel.bss)

.rela.bss
 *(.rela.bss)

.rel.plt
 *(.rel.plt)

.rela.plt
 *(.rela.plt)

.text           0x00000000     0x132c
 *(.vectors)
 .vectors       0x00000000       0x68 c:/program files (x86)/atmel/avr studio 5.1/extensions/atmel/avrgcc/3.3.1.27/avrtoolchain/bin/../lib/gcc/avr/4.5.1/../../../../avr/lib/avr5/crtm168p.o
                0x00000000                __vector_default
                0x00000000                __vectors
 *(.vectors)
 *(.progmem.gcc*)
 *(.progmem*)
                0x00000068                . = ALIGN (0x2)
                0x00000068                __trampolines_start = .
 *(.trampolines)
 .trampolines   0x00000068        0x0 linker stubs
 *(.trampolines*)
                0x00000068                __trampolines_end = .
 *(.jumptables)
 *(.jumptables*)
 *(.lowtext)
 *(.lowtext*)
                0x00000068                __ctors_start = .
 *(.ctors)
                0x00000068                __ctors_end = .
                0x00000068                __dtors_start = .
 *(.dtors)
                0x00000068                __dtors_end = .
 SORT(*)(.ctors)
 SORT(*)(.dtors)
 *(.init0)
 .init0         0x00000068        0x0 c:/program files (x86)/atmel/avr studio 5.1/extensions/atmel/avrgcc/3.3.1.27/avrtoolchain/bin/../lib/gcc/avr/4.5.1/../../../../avr/lib/avr5/crtm168p.o
                0x00000068                __init
 *(.init0)
 *(.init1)
 *(.init1)
 *(.init2)
 .init2         0x00000068        0xc c:/program files (x86)/atmel/avr studio 5.1/extensions/atmel/avrgcc/3.3.1.27/avrtoolchain/bin/../lib/gcc/avr/4.5.1/../../../../avr/lib/avr5/crtm168p.o
 *(.init2)
 *(.init3)
 *(.init3)
 *(.init4)
 .init4         0x00000074       0x16 c:/program files (x86)/atmel/avr studio 5.1/extensions/atmel/avrgcc/3.3.1.27/avrtoolchain/bin/../lib/gcc/avr/4.5.1/avr5\libgcc.a(_copy_data.o)
                0x00000074                __do_copy_data
 .init4         0x0000008a       0x10 c:/program files (x86)/atmel/avr studio 5.1/extensions/atmel/avrgcc/3.3.1.27/avrtoolchain/bin/../lib/gcc/avr/4.5.1/avr5\libgcc.a(_clear_bss.o)
                0x0000008a                __do_clear_bss
 *(.init4)
 *(.init5)
 *(.init5)
 *(.init6)
 *(.init6)
 *(.init7)
 *(.init7)
 *(.init8)
 *(.init8)
 *(.init9)
 .init9         0x0000009a        0x8 c:/program files (x86)/atmel/avr studio 5.1/extensions/atmel/avrgcc/3.3.1.27/avrtoolchain/bin/../lib/gcc/avr/4.5.1/../../../../avr/lib/avr5/crtm168p.o
 *(.init9)
 *(.text)
 .text          0x000000a2        0x4 c:/program files (x86)/atmel/avr studio 5.1/extensions/atmel/avrgcc/3.3.1.27/avrtoolchain/bin/../lib/gcc/avr/4.5.1/../../../../avr/lib/avr5/crtm168p.o
                0x000000a2                __vector_22
                0x000000a2                __vector_1
                0x000000a2                __vector_24
                0x000000a2                __vector_12
                0x000000a2                __bad_interrupt
                0x000000a2                __vector_6
                0x000000a2                __vector_3
                0x000000a2                __vector_23
                0x000000a2                __vector_25
                0x000000a2                __vector_11
                0x000000a2                __vector_13
                0x000000a2                __vector_17
                0x000000a2                __vector_19
                0x000000a2                __vector_7
                0x000000a2                __vector_5
                0x000000a2                __vector_4
                0x000000a2                __vector_9
                0x000000a2                __vector_2
                0x000000a2                __vector_21
                0x000000a2                __vector_15
                0x000000a2                __vector_8
                0x000000a2                __vector_14
                0x000000a2                __vector_10
                0x000000a2                __vector_16
                0x000000a2                __vector_18
                0x000000a2                __vector_20
 .text          0x000000a6      0x788 GeneratorController.o
                0x000000a6                ShowMenu
                0x000000ca                HideMenu
                0x000000d2                printStatus
                0x0000011e                DoWork
                0x00000470                BTN_Init
                0x000004ae                BTN1_Pressed
                0x000004c8                BTN2_Pressed
                0x000004e2                BTN3_Pressed
                0x000004fc                BTN1_Long_Pressed
                0x00000516                BTN2_Long_Pressed
                0x00000540                BTN3_Long_Pressed
                0x00000564                BTN_Process
                0x00000758                main
 .text          0x0000082e       0x84 io_ports.o
                0x0000082e                io_output_off
                0x0000083c                io_init
                0x00000852                isNet
                0x00000862                isGen
                0x00000870                isP
                0x00000884                outOn
                0x0000089a                outOff
 .text          0x000008b2      0x310 lcd.o
                0x000008b2                LCD_Send_Data_Instruction
                0x00000902                LCD_Send_Data
                0x0000090a                LCD_Send_Instruction
                0x0000091e                LCD_Move_Cursor
                0x00000932                LCD_Clear_Display
                0x0000093a                LCD_Init
                0x000009d6                LCD_printStr
                0x000009fe                LCD_2buffer_begin
                0x00000a14                LCD_2buffer_end
                0x00000a4a                LCD_2buffer_printStr
                0x00000a6e                LCD_2buffer_Move_Cursor
                0x00000a74                LCD_2buffer_Print_Number
                0x00000b24                LCD_2buffer_Show_FloatTemperature1
 .text          0x00000bc2      0x410 Menu.o
                0x00000bc2                NUMBER_OF_SETTINGS
                0x00000bc6                NUMBER_OF_TERMS
                0x00000bca                Menu_Init
                0x00000bd2                Menu_Reset
                0x00000be0                Menu_ShowReset
                0x00000c3c                Menu_ShowSettings
                0x00000dd2                Menu_Loop
                0x00000dec                Menu_BtnOKPressed
                0x00000e30                Menu_Update_Settings_Normal
                0x00000f02                Menu_BtnMinusLongPressed
                0x00000f14                Menu_BtnPlusPressed
                0x00000f3a                Menu_BtnMinusPressed
                0x00000f7a                Menu_BtnPlusLongPressed
                0x00000f9e                Menu_switchToDefault
                0x00000fb4                Menu_switchToSettings
                0x00000fc4                Menu_switchToReset
 .text          0x00000fd2       0x42 settings.o
                0x00000fd2                Settings_Read_Normal
                0x00000fe0                Settings_Init
                0x00000fe6                Settings_Write_Normal
                0x00000ff4                Settings_Reset
 .text          0x00001014        0x0 c:/program files (x86)/atmel/avr studio 5.1/extensions/atmel/avrgcc/3.3.1.27/avrtoolchain/bin/../lib/gcc/avr/4.5.1/../../../../avr/lib/avr5\libm.a(cmpsf2.o)
 .text          0x00001014        0x0 c:/program files (x86)/atmel/avr studio 5.1/extensions/atmel/avrgcc/3.3.1.27/avrtoolchain/bin/../lib/gcc/avr/4.5.1/../../../../avr/lib/avr5\libm.a(fixunssfsi.o)
 .text          0x00001014        0x0 c:/program files (x86)/atmel/avr studio 5.1/extensions/atmel/avrgcc/3.3.1.27/avrtoolchain/bin/../lib/gcc/avr/4.5.1/../../../../avr/lib/avr5\libm.a(fp_cmp.o)
 .text          0x00001014        0x0 c:/program files (x86)/atmel/avr studio 5.1/extensions/atmel/avrgcc/3.3.1.27/avrtoolchain/bin/../lib/gcc/avr/4.5.1/../../../../avr/lib/avr5\libm.a(fp_split3.o)
 .text          0x00001014        0x0 c:/program files (x86)/atmel/avr studio 5.1/extensions/atmel/avrgcc/3.3.1.27/avrtoolchain/bin/../lib/gcc/avr/4.5.1/../../../../avr/lib/avr5\libm.a(fp_zero.o)
 .text          0x00001014        0x0 c:/program files (x86)/atmel/avr studio 5.1/extensions/atmel/avrgcc/3.3.1.27/avrtoolchain/bin/../lib/gcc/avr/4.5.1/../../../../avr/lib/avr5\libm.a(mulsf3.o)
 .text          0x00001014        0x0 c:/program files (x86)/atmel/avr studio 5.1/extensions/atmel/avrgcc/3.3.1.27/avrtoolchain/bin/../lib/gcc/avr/4.5.1/../../../../avr/lib/avr5\libm.a(mulsf3x.o)
 .text          0x00001014        0x0 c:/program files (x86)/atmel/avr studio 5.1/extensions/atmel/avrgcc/3.3.1.27/avrtoolchain/bin/../lib/gcc/avr/4.5.1/../../../../avr/lib/avr5\libm.a(fp_inf.o)
 .text          0x00001014        0x0 c:/program files (x86)/atmel/avr studio 5.1/extensions/atmel/avrgcc/3.3.1.27/avrtoolchain/bin/../lib/gcc/avr/4.5.1/../../../../avr/lib/avr5\libm.a(fp_nan.o)
 .text          0x00001014        0x0 c:/program files (x86)/atmel/avr studio 5.1/extensions/atmel/avrgcc/3.3.1.27/avrtoolchain/bin/../lib/gcc/avr/4.5.1/../../../../avr/lib/avr5\libm.a(fp_pscA.o)
 .text          0x00001014        0x0 c:/program files (x86)/atmel/avr studio 5.1/extensions/atmel/avrgcc/3.3.1.27/avrtoolchain/bin/../lib/gcc/avr/4.5.1/../../../../avr/lib/avr5\libm.a(fp_pscB.o)
 .text          0x00001014        0x0 c:/program files (x86)/atmel/avr studio 5.1/extensions/atmel/avrgcc/3.3.1.27/avrtoolchain/bin/../lib/gcc/avr/4.5.1/../../../../avr/lib/avr5\libm.a(fp_round.o)
 .text          0x00001014        0x0 c:/program files (x86)/atmel/avr studio 5.1/extensions/atmel/avrgcc/3.3.1.27/avrtoolchain/bin/../lib/gcc/avr/4.5.1/avr5\libgcc.a(_udivmodhi4.o)
 .text          0x00001014        0x0 c:/program files (x86)/atmel/avr studio 5.1/extensions/atmel/avrgcc/3.3.1.27/avrtoolchain/bin/../lib/gcc/avr/4.5.1/avr5\libgcc.a(_divmodhi4.o)
 .text          0x00001014        0x0 c:/program files (x86)/atmel/avr studio 5.1/extensions/atmel/avrgcc/3.3.1.27/avrtoolchain/bin/../lib/gcc/avr/4.5.1/avr5\libgcc.a(_udivmodsi4.o)
 .text          0x00001014        0x0 c:/program files (x86)/atmel/avr studio 5.1/extensions/atmel/avrgcc/3.3.1.27/avrtoolchain/bin/../lib/gcc/avr/4.5.1/avr5\libgcc.a(_exit.o)
 .text          0x00001014        0x0 c:/program files (x86)/atmel/avr studio 5.1/extensions/atmel/avrgcc/3.3.1.27/avrtoolchain/bin/../lib/gcc/avr/4.5.1/avr5\libgcc.a(_copy_data.o)
 .text          0x00001014        0x0 c:/program files (x86)/atmel/avr studio 5.1/extensions/atmel/avrgcc/3.3.1.27/avrtoolchain/bin/../lib/gcc/avr/4.5.1/avr5\libgcc.a(_clear_bss.o)
 .text          0x00001014        0x0 c:/program files (x86)/atmel/avr studio 5.1/extensions/atmel/avrgcc/3.3.1.27/avrtoolchain/bin/../lib/gcc/avr/4.5.1/../../../../avr/lib/avr5\libc.a(memset.o)
 .text          0x00001014        0x0 c:/program files (x86)/atmel/avr studio 5.1/extensions/atmel/avrgcc/3.3.1.27/avrtoolchain/bin/../lib/gcc/avr/4.5.1/../../../../avr/lib/avr5\libc.a(eerd_block_atmega168p.o)
 .text          0x00001014        0x0 c:/program files (x86)/atmel/avr studio 5.1/extensions/atmel/avrgcc/3.3.1.27/avrtoolchain/bin/../lib/gcc/avr/4.5.1/../../../../avr/lib/avr5\libc.a(eeupd_block_atmega168p.o)
 .text          0x00001014        0x0 c:/program files (x86)/atmel/avr studio 5.1/extensions/atmel/avrgcc/3.3.1.27/avrtoolchain/bin/../lib/gcc/avr/4.5.1/../../../../avr/lib/avr5\libc.a(eeupd_byte_atmega168p.o)
                0x00001014                . = ALIGN (0x2)
 *(.text.*)
 .text.avr-libc.fplib
                0x00001014        0x8 c:/program files (x86)/atmel/avr studio 5.1/extensions/atmel/avrgcc/3.3.1.27/avrtoolchain/bin/../lib/gcc/avr/4.5.1/../../../../avr/lib/avr5\libm.a(cmpsf2.o)
                0x00001014                __nesf2
                0x00001014                __eqsf2
                0x00001014                __cmpsf2
                0x00001014                __ltsf2
                0x00001014                __lesf2
 .text.avr-libc.fplib
                0x0000101c       0x58 c:/program files (x86)/atmel/avr studio 5.1/extensions/atmel/avrgcc/3.3.1.27/avrtoolchain/bin/../lib/gcc/avr/4.5.1/../../../../avr/lib/avr5\libm.a(fixunssfsi.o)
                0x0000101c                __fixunssfsi
 .text.avr-libc.fplib
                0x00001074       0x48 c:/program files (x86)/atmel/avr studio 5.1/extensions/atmel/avrgcc/3.3.1.27/avrtoolchain/bin/../lib/gcc/avr/4.5.1/../../../../avr/lib/avr5\libm.a(fp_cmp.o)
                0x00001074                __fp_cmp
 .text.avr-libc.fplib
                0x000010bc       0x44 c:/program files (x86)/atmel/avr studio 5.1/extensions/atmel/avrgcc/3.3.1.27/avrtoolchain/bin/../lib/gcc/avr/4.5.1/../../../../avr/lib/avr5\libm.a(fp_split3.o)
                0x000010bc                __fp_split3
                0x000010cc                __fp_splitA
 .text.avr-libc.fplib
                0x00001100        0xe c:/program files (x86)/atmel/avr studio 5.1/extensions/atmel/avrgcc/3.3.1.27/avrtoolchain/bin/../lib/gcc/avr/4.5.1/../../../../avr/lib/avr5\libm.a(fp_zero.o)
                0x00001100                __fp_zero
                0x00001102                __fp_szero
 .text.avr-libc.fplib
                0x0000110e        0x4 c:/program files (x86)/atmel/avr studio 5.1/extensions/atmel/avrgcc/3.3.1.27/avrtoolchain/bin/../lib/gcc/avr/4.5.1/../../../../avr/lib/avr5\libm.a(mulsf3.o)
                0x0000110e                __mulsf3
 .text.avr-libc.fplib
                0x00001112       0xc2 c:/program files (x86)/atmel/avr studio 5.1/extensions/atmel/avrgcc/3.3.1.27/avrtoolchain/bin/../lib/gcc/avr/4.5.1/../../../../avr/lib/avr5\libm.a(mulsf3x.o)
                0x00001126                __mulsf3x
                0x0000112a                __mulsf3_pse
 .text.avr-libc.fplib
                0x000011d4        0xc c:/program files (x86)/atmel/avr studio 5.1/extensions/atmel/avrgcc/3.3.1.27/avrtoolchain/bin/../lib/gcc/avr/4.5.1/../../../../avr/lib/avr5\libm.a(fp_inf.o)
                0x000011d4                __fp_inf
 .text.avr-libc.fplib
                0x000011e0        0x6 c:/program files (x86)/atmel/avr studio 5.1/extensions/atmel/avrgcc/3.3.1.27/avrtoolchain/bin/../lib/gcc/avr/4.5.1/../../../../avr/lib/avr5\libm.a(fp_nan.o)
                0x000011e0                __fp_nan
 .text.avr-libc.fplib
                0x000011e6        0xe c:/program files (x86)/atmel/avr studio 5.1/extensions/atmel/avrgcc/3.3.1.27/avrtoolchain/bin/../lib/gcc/avr/4.5.1/../../../../avr/lib/avr5\libm.a(fp_pscA.o)
                0x000011e6                __fp_pscA
 .text.avr-libc.fplib
                0x000011f4        0xe c:/program files (x86)/atmel/avr studio 5.1/extensions/atmel/avrgcc/3.3.1.27/avrtoolchain/bin/../lib/gcc/avr/4.5.1/../../../../avr/lib/avr5\libm.a(fp_pscB.o)
                0x000011f4                __fp_pscB
 .text.avr-libc.fplib
                0x00001202       0x22 c:/program files (x86)/atmel/avr studio 5.1/extensions/atmel/avrgcc/3.3.1.27/avrtoolchain/bin/../lib/gcc/avr/4.5.1/../../../../avr/lib/avr5\libm.a(fp_round.o)
                0x00001202                __fp_round
 .text.libgcc   0x00001224       0x28 c:/program files (x86)/atmel/avr studio 5.1/extensions/atmel/avrgcc/3.3.1.27/avrtoolchain/bin/../lib/gcc/avr/4.5.1/avr5\libgcc.a(_udivmodhi4.o)
                0x00001224                __udivmodhi4
 .text.libgcc   0x0000124c       0x26 c:/program files (x86)/atmel/avr studio 5.1/extensions/atmel/avrgcc/3.3.1.27/avrtoolchain/bin/../lib/gcc/avr/4.5.1/avr5\libgcc.a(_divmodhi4.o)
                0x0000124c                _div
                0x0000124c                __divmodhi4
 .text.libgcc   0x00001272       0x44 c:/program files (x86)/atmel/avr studio 5.1/extensions/atmel/avrgcc/3.3.1.27/avrtoolchain/bin/../lib/gcc/avr/4.5.1/avr5\libgcc.a(_udivmodsi4.o)
                0x00001272                __udivmodsi4
 .text.libgcc   0x000012b6        0x0 c:/program files (x86)/atmel/avr studio 5.1/extensions/atmel/avrgcc/3.3.1.27/avrtoolchain/bin/../lib/gcc/avr/4.5.1/avr5\libgcc.a(_exit.o)
 .text.libgcc   0x000012b6        0x0 c:/program files (x86)/atmel/avr studio 5.1/extensions/atmel/avrgcc/3.3.1.27/avrtoolchain/bin/../lib/gcc/avr/4.5.1/avr5\libgcc.a(_copy_data.o)
 .text.libgcc   0x000012b6        0x0 c:/program files (x86)/atmel/avr studio 5.1/extensions/atmel/avrgcc/3.3.1.27/avrtoolchain/bin/../lib/gcc/avr/4.5.1/avr5\libgcc.a(_clear_bss.o)
 .text.avr-libc
                0x000012b6        0xe c:/program files (x86)/atmel/avr studio 5.1/extensions/atmel/avrgcc/3.3.1.27/avrtoolchain/bin/../lib/gcc/avr/4.5.1/../../../../avr/lib/avr5\libc.a(memset.o)
                0x000012b6                memset
 .text.avr-libc
                0x000012c4       0x20 c:/program files (x86)/atmel/avr studio 5.1/extensions/atmel/avrgcc/3.3.1.27/avrtoolchain/bin/../lib/gcc/avr/4.5.1/../../../../avr/lib/avr5\libc.a(eerd_block_atmega168p.o)
                0x000012c4                __eerd_block_m168p
                0x000012c8                __eerd_blraw_m168p
 .text.avr-libc
                0x000012e4       0x20 c:/program files (x86)/atmel/avr studio 5.1/extensions/atmel/avrgcc/3.3.1.27/avrtoolchain/bin/../lib/gcc/avr/4.5.1/../../../../avr/lib/avr5\libc.a(eeupd_block_atmega168p.o)
                0x000012e4                __eeupd_block_m168p
 .text.avr-libc
                0x00001304       0x24 c:/program files (x86)/atmel/avr studio 5.1/extensions/atmel/avrgcc/3.3.1.27/avrtoolchain/bin/../lib/gcc/avr/4.5.1/../../../../avr/lib/avr5\libc.a(eeupd_byte_atmega168p.o)
                0x00001304                __eeupd_byte_m168p
                0x00001306                __eeupd_r18_m168p
                0x00001328                . = ALIGN (0x2)
 *(.fini9)
 .fini9         0x00001328        0x0 c:/program files (x86)/atmel/avr studio 5.1/extensions/atmel/avrgcc/3.3.1.27/avrtoolchain/bin/../lib/gcc/avr/4.5.1/avr5\libgcc.a(_exit.o)
                0x00001328                _exit
                0x00001328                exit
 *(.fini9)
 *(.fini8)
 *(.fini8)
 *(.fini7)
 *(.fini7)
 *(.fini6)
 *(.fini6)
 *(.fini5)
 *(.fini5)
 *(.fini4)
 *(.fini4)
 *(.fini3)
 *(.fini3)
 *(.fini2)
 *(.fini2)
 *(.fini1)
 *(.fini1)
 *(.fini0)
 .fini0         0x00001328        0x4 c:/program files (x86)/atmel/avr studio 5.1/extensions/atmel/avrgcc/3.3.1.27/avrtoolchain/bin/../lib/gcc/avr/4.5.1/avr5\libgcc.a(_exit.o)
 *(.fini0)
                0x0000132c                _etext = .

.data           0x00800100       0x8a load address 0x0000132c
                0x00800100                PROVIDE (__data_start, .)
 *(.data)
 .data          0x00800100        0x0 c:/program files (x86)/atmel/avr studio 5.1/extensions/atmel/avrgcc/3.3.1.27/avrtoolchain/bin/../lib/gcc/avr/4.5.1/../../../../avr/lib/avr5/crtm168p.o
 .data          0x00800100       0x59 GeneratorController.o
 .data          0x00800159        0x0 io_ports.o
 .data          0x00800159        0x0 lcd.o
 .data          0x00800159       0x30 Menu.o
 .data          0x00800189        0x0 settings.o
 .data          0x00800189        0x0 c:/program files (x86)/atmel/avr studio 5.1/extensions/atmel/avrgcc/3.3.1.27/avrtoolchain/bin/../lib/gcc/avr/4.5.1/../../../../avr/lib/avr5\libm.a(cmpsf2.o)
 .data          0x00800189        0x0 c:/program files (x86)/atmel/avr studio 5.1/extensions/atmel/avrgcc/3.3.1.27/avrtoolchain/bin/../lib/gcc/avr/4.5.1/../../../../avr/lib/avr5\libm.a(fixunssfsi.o)
 .data          0x00800189        0x0 c:/program files (x86)/atmel/avr studio 5.1/extensions/atmel/avrgcc/3.3.1.27/avrtoolchain/bin/../lib/gcc/avr/4.5.1/../../../../avr/lib/avr5\libm.a(fp_cmp.o)
 .data          0x00800189        0x0 c:/program files (x86)/atmel/avr studio 5.1/extensions/atmel/avrgcc/3.3.1.27/avrtoolchain/bin/../lib/gcc/avr/4.5.1/../../../../avr/lib/avr5\libm.a(fp_split3.o)
 .data          0x00800189        0x0 c:/program files (x86)/atmel/avr studio 5.1/extensions/atmel/avrgcc/3.3.1.27/avrtoolchain/bin/../lib/gcc/avr/4.5.1/../../../../avr/lib/avr5\libm.a(fp_zero.o)
 .data          0x00800189        0x0 c:/program files (x86)/atmel/avr studio 5.1/extensions/atmel/avrgcc/3.3.1.27/avrtoolchain/bin/../lib/gcc/avr/4.5.1/../../../../avr/lib/avr5\libm.a(mulsf3.o)
 .data          0x00800189        0x0 c:/program files (x86)/atmel/avr studio 5.1/extensions/atmel/avrgcc/3.3.1.27/avrtoolchain/bin/../lib/gcc/avr/4.5.1/../../../../avr/lib/avr5\libm.a(mulsf3x.o)
 .data          0x00800189        0x0 c:/program files (x86)/atmel/avr studio 5.1/extensions/atmel/avrgcc/3.3.1.27/avrtoolchain/bin/../lib/gcc/avr/4.5.1/../../../../avr/lib/avr5\libm.a(fp_inf.o)
 .data          0x00800189        0x0 c:/program files (x86)/atmel/avr studio 5.1/extensions/atmel/avrgcc/3.3.1.27/avrtoolchain/bin/../lib/gcc/avr/4.5.1/../../../../avr/lib/avr5\libm.a(fp_nan.o)
 .data          0x00800189        0x0 c:/program files (x86)/atmel/avr studio 5.1/extensions/atmel/avrgcc/3.3.1.27/avrtoolchain/bin/../lib/gcc/avr/4.5.1/../../../../avr/lib/avr5\libm.a(fp_pscA.o)
 .data          0x00800189        0x0 c:/program files (x86)/atmel/avr studio 5.1/extensions/atmel/avrgcc/3.3.1.27/avrtoolchain/bin/../lib/gcc/avr/4.5.1/../../../../avr/lib/avr5\libm.a(fp_pscB.o)
 .data          0x00800189        0x0 c:/program files (x86)/atmel/avr studio 5.1/extensions/atmel/avrgcc/3.3.1.27/avrtoolchain/bin/../lib/gcc/avr/4.5.1/../../../../avr/lib/avr5\libm.a(fp_round.o)
 .data          0x00800189        0x0 c:/program files (x86)/atmel/avr studio 5.1/extensions/atmel/avrgcc/3.3.1.27/avrtoolchain/bin/../lib/gcc/avr/4.5.1/avr5\libgcc.a(_udivmodhi4.o)
 .data          0x00800189        0x0 c:/program files (x86)/atmel/avr studio 5.1/extensions/atmel/avrgcc/3.3.1.27/avrtoolchain/bin/../lib/gcc/avr/4.5.1/avr5\libgcc.a(_divmodhi4.o)
 .data          0x00800189        0x0 c:/program files (x86)/atmel/avr studio 5.1/extensions/atmel/avrgcc/3.3.1.27/avrtoolchain/bin/../lib/gcc/avr/4.5.1/avr5\libgcc.a(_udivmodsi4.o)
 .data          0x00800189        0x0 c:/program files (x86)/atmel/avr studio 5.1/extensions/atmel/avrgcc/3.3.1.27/avrtoolchain/bin/../lib/gcc/avr/4.5.1/avr5\libgcc.a(_exit.o)
 .data          0x00800189        0x0 c:/program files (x86)/atmel/avr studio 5.1/extensions/atmel/avrgcc/3.3.1.27/avrtoolchain/bin/../lib/gcc/avr/4.5.1/avr5\libgcc.a(_copy_data.o)
 .data          0x00800189        0x0 c:/program files (x86)/atmel/avr studio 5.1/extensions/atmel/avrgcc/3.3.1.27/avrtoolchain/bin/../lib/gcc/avr/4.5.1/avr5\libgcc.a(_clear_bss.o)
 .data          0x00800189        0x0 c:/program files (x86)/atmel/avr studio 5.1/extensions/atmel/avrgcc/3.3.1.27/avrtoolchain/bin/../lib/gcc/avr/4.5.1/../../../../avr/lib/avr5\libc.a(memset.o)
 .data          0x00800189        0x0 c:/program files (x86)/atmel/avr studio 5.1/extensions/atmel/avrgcc/3.3.1.27/avrtoolchain/bin/../lib/gcc/avr/4.5.1/../../../../avr/lib/avr5\libc.a(eerd_block_atmega168p.o)
 .data          0x00800189        0x0 c:/program files (x86)/atmel/avr studio 5.1/extensions/atmel/avrgcc/3.3.1.27/avrtoolchain/bin/../lib/gcc/avr/4.5.1/../../../../avr/lib/avr5\libc.a(eeupd_block_atmega168p.o)
 .data          0x00800189        0x0 c:/program files (x86)/atmel/avr studio 5.1/extensions/atmel/avrgcc/3.3.1.27/avrtoolchain/bin/../lib/gcc/avr/4.5.1/../../../../avr/lib/avr5\libc.a(eeupd_byte_atmega168p.o)
 *(.data*)
 *(.rodata)
 *(.rodata*)
 *(.gnu.linkonce.d*)
                0x0080018a                . = ALIGN (0x2)
 *fill*         0x00800189        0x1 00
                0x0080018a                _edata = .
                0x0080018a                PROVIDE (__data_end, .)

.bss            0x0080018a       0x46
                0x0080018a                PROVIDE (__bss_start, .)
 *(.bss)
 .bss           0x0080018a        0x0 c:/program files (x86)/atmel/avr studio 5.1/extensions/atmel/avrgcc/3.3.1.27/avrtoolchain/bin/../lib/gcc/avr/4.5.1/../../../../avr/lib/avr5/crtm168p.o
 .bss           0x0080018a        0x4 GeneratorController.o
                0x0080018a                iterations
 .bss           0x0080018e        0x0 io_ports.o
 .bss           0x0080018e        0x1 lcd.o
                0x0080018e                LCD_pointer
 .bss           0x0080018f        0x0 Menu.o
 .bss           0x0080018f        0x0 settings.o
 .bss           0x0080018f        0x0 c:/program files (x86)/atmel/avr studio 5.1/extensions/atmel/avrgcc/3.3.1.27/avrtoolchain/bin/../lib/gcc/avr/4.5.1/../../../../avr/lib/avr5\libm.a(cmpsf2.o)
 .bss           0x0080018f        0x0 c:/program files (x86)/atmel/avr studio 5.1/extensions/atmel/avrgcc/3.3.1.27/avrtoolchain/bin/../lib/gcc/avr/4.5.1/../../../../avr/lib/avr5\libm.a(fixunssfsi.o)
 .bss           0x0080018f        0x0 c:/program files (x86)/atmel/avr studio 5.1/extensions/atmel/avrgcc/3.3.1.27/avrtoolchain/bin/../lib/gcc/avr/4.5.1/../../../../avr/lib/avr5\libm.a(fp_cmp.o)
 .bss           0x0080018f        0x0 c:/program files (x86)/atmel/avr studio 5.1/extensions/atmel/avrgcc/3.3.1.27/avrtoolchain/bin/../lib/gcc/avr/4.5.1/../../../../avr/lib/avr5\libm.a(fp_split3.o)
 .bss           0x0080018f        0x0 c:/program files (x86)/atmel/avr studio 5.1/extensions/atmel/avrgcc/3.3.1.27/avrtoolchain/bin/../lib/gcc/avr/4.5.1/../../../../avr/lib/avr5\libm.a(fp_zero.o)
 .bss           0x0080018f        0x0 c:/program files (x86)/atmel/avr studio 5.1/extensions/atmel/avrgcc/3.3.1.27/avrtoolchain/bin/../lib/gcc/avr/4.5.1/../../../../avr/lib/avr5\libm.a(mulsf3.o)
 .bss           0x0080018f        0x0 c:/program files (x86)/atmel/avr studio 5.1/extensions/atmel/avrgcc/3.3.1.27/avrtoolchain/bin/../lib/gcc/avr/4.5.1/../../../../avr/lib/avr5\libm.a(mulsf3x.o)
 .bss           0x0080018f        0x0 c:/program files (x86)/atmel/avr studio 5.1/extensions/atmel/avrgcc/3.3.1.27/avrtoolchain/bin/../lib/gcc/avr/4.5.1/../../../../avr/lib/avr5\libm.a(fp_inf.o)
 .bss           0x0080018f        0x0 c:/program files (x86)/atmel/avr studio 5.1/extensions/atmel/avrgcc/3.3.1.27/avrtoolchain/bin/../lib/gcc/avr/4.5.1/../../../../avr/lib/avr5\libm.a(fp_nan.o)
 .bss           0x0080018f        0x0 c:/program files (x86)/atmel/avr studio 5.1/extensions/atmel/avrgcc/3.3.1.27/avrtoolchain/bin/../lib/gcc/avr/4.5.1/../../../../avr/lib/avr5\libm.a(fp_pscA.o)
 .bss           0x0080018f        0x0 c:/program files (x86)/atmel/avr studio 5.1/extensions/atmel/avrgcc/3.3.1.27/avrtoolchain/bin/../lib/gcc/avr/4.5.1/../../../../avr/lib/avr5\libm.a(fp_pscB.o)
 .bss           0x0080018f        0x0 c:/program files (x86)/atmel/avr studio 5.1/extensions/atmel/avrgcc/3.3.1.27/avrtoolchain/bin/../lib/gcc/avr/4.5.1/../../../../avr/lib/avr5\libm.a(fp_round.o)
 .bss           0x0080018f        0x0 c:/program files (x86)/atmel/avr studio 5.1/extensions/atmel/avrgcc/3.3.1.27/avrtoolchain/bin/../lib/gcc/avr/4.5.1/avr5\libgcc.a(_udivmodhi4.o)
 .bss           0x0080018f        0x0 c:/program files (x86)/atmel/avr studio 5.1/extensions/atmel/avrgcc/3.3.1.27/avrtoolchain/bin/../lib/gcc/avr/4.5.1/avr5\libgcc.a(_divmodhi4.o)
 .bss           0x0080018f        0x0 c:/program files (x86)/atmel/avr studio 5.1/extensions/atmel/avrgcc/3.3.1.27/avrtoolchain/bin/../lib/gcc/avr/4.5.1/avr5\libgcc.a(_udivmodsi4.o)
 .bss           0x0080018f        0x0 c:/program files (x86)/atmel/avr studio 5.1/extensions/atmel/avrgcc/3.3.1.27/avrtoolchain/bin/../lib/gcc/avr/4.5.1/avr5\libgcc.a(_exit.o)
 .bss           0x0080018f        0x0 c:/program files (x86)/atmel/avr studio 5.1/extensions/atmel/avrgcc/3.3.1.27/avrtoolchain/bin/../lib/gcc/avr/4.5.1/avr5\libgcc.a(_copy_data.o)
 .bss           0x0080018f        0x0 c:/program files (x86)/atmel/avr studio 5.1/extensions/atmel/avrgcc/3.3.1.27/avrtoolchain/bin/../lib/gcc/avr/4.5.1/avr5\libgcc.a(_clear_bss.o)
 .bss           0x0080018f        0x0 c:/program files (x86)/atmel/avr studio 5.1/extensions/atmel/avrgcc/3.3.1.27/avrtoolchain/bin/../lib/gcc/avr/4.5.1/../../../../avr/lib/avr5\libc.a(memset.o)
 .bss           0x0080018f        0x0 c:/program files (x86)/atmel/avr studio 5.1/extensions/atmel/avrgcc/3.3.1.27/avrtoolchain/bin/../lib/gcc/avr/4.5.1/../../../../avr/lib/avr5\libc.a(eerd_block_atmega168p.o)
 .bss           0x0080018f        0x0 c:/program files (x86)/atmel/avr studio 5.1/extensions/atmel/avrgcc/3.3.1.27/avrtoolchain/bin/../lib/gcc/avr/4.5.1/../../../../avr/lib/avr5\libc.a(eeupd_block_atmega168p.o)
 .bss           0x0080018f        0x0 c:/program files (x86)/atmel/avr studio 5.1/extensions/atmel/avrgcc/3.3.1.27/avrtoolchain/bin/../lib/gcc/avr/4.5.1/../../../../avr/lib/avr5\libc.a(eeupd_byte_atmega168p.o)
 *(.bss*)
 *(COMMON)
 COMMON         0x0080018f       0x21 GeneratorController.o
                0x0080018f                menu
                0x0080019a                ps
                0x0080019b                ws
                0x0080019c                BTN1_status
                0x008001a0                fault
                0x008001a1                BTN2_status
                0x008001a5                BTN3_status
                0x008001a9                allSettings
 COMMON         0x008001b0       0x20 lcd.o
                0x008001b0                LCD_buffer
                0x008001d0                PROVIDE (__bss_end, .)
                0x0000132c                __data_load_start = LOADADDR (.data)
                0x000013b6                __data_load_end = (__data_load_start + SIZEOF (.data))

.noinit         0x008001d0        0x0
                0x008001d0                PROVIDE (__noinit_start, .)
 *(.noinit*)
                0x008001d0                PROVIDE (__noinit_end, .)
                0x008001d0                _end = .
                0x008001d0                PROVIDE (__heap_start, .)

.eeprom         0x00810000        0x7
 *(.eeprom*)
 .eeprom        0x00810000        0x7 settings.o
                0x00810000                EEMEMsettings
                0x00810007                __eeprom_end = .

.fuse
 *(.fuse)
 *(.lfuse)
 *(.hfuse)
 *(.efuse)

.lock
 *(.lock*)

.signature
 *(.signature*)

.stab           0x00000000     0x1938
 *(.stab)
 .stab          0x00000000      0x6cc c:/program files (x86)/atmel/avr studio 5.1/extensions/atmel/avrgcc/3.3.1.27/avrtoolchain/bin/../lib/gcc/avr/4.5.1/../../../../avr/lib/avr5/crtm168p.o
 .stab          0x000006cc       0x90 c:/program files (x86)/atmel/avr studio 5.1/extensions/atmel/avrgcc/3.3.1.27/avrtoolchain/bin/../lib/gcc/avr/4.5.1/../../../../avr/lib/avr5\libm.a(cmpsf2.o)
                                 0x9c (size before relaxing)
 .stab          0x0000075c      0x240 c:/program files (x86)/atmel/avr studio 5.1/extensions/atmel/avrgcc/3.3.1.27/avrtoolchain/bin/../lib/gcc/avr/4.5.1/../../../../avr/lib/avr5\libm.a(fixunssfsi.o)
                                0x24c (size before relaxing)
 .stab          0x0000099c      0x1e0 c:/program files (x86)/atmel/avr studio 5.1/extensions/atmel/avrgcc/3.3.1.27/avrtoolchain/bin/../lib/gcc/avr/4.5.1/../../../../avr/lib/avr5\libm.a(fp_cmp.o)
                                0x1ec (size before relaxing)
 .stab          0x00000b7c      0x1d4 c:/program files (x86)/atmel/avr studio 5.1/extensions/atmel/avrgcc/3.3.1.27/avrtoolchain/bin/../lib/gcc/avr/4.5.1/../../../../avr/lib/avr5\libm.a(fp_split3.o)
                                0x1e0 (size before relaxing)
 .stab          0x00000d50       0x90 c:/program files (x86)/atmel/avr studio 5.1/extensions/atmel/avrgcc/3.3.1.27/avrtoolchain/bin/../lib/gcc/avr/4.5.1/../../../../avr/lib/avr5\libm.a(fp_zero.o)
                                 0x9c (size before relaxing)
 .stab          0x00000de0       0x48 c:/program files (x86)/atmel/avr studio 5.1/extensions/atmel/avrgcc/3.3.1.27/avrtoolchain/bin/../lib/gcc/avr/4.5.1/../../../../avr/lib/avr5\libm.a(mulsf3.o)
                                 0x54 (size before relaxing)
 .stab          0x00000e28      0x4d4 c:/program files (x86)/atmel/avr studio 5.1/extensions/atmel/avrgcc/3.3.1.27/avrtoolchain/bin/../lib/gcc/avr/4.5.1/../../../../avr/lib/avr5\libm.a(mulsf3x.o)
                                0x4e0 (size before relaxing)
 .stab          0x000012fc       0x78 c:/program files (x86)/atmel/avr studio 5.1/extensions/atmel/avrgcc/3.3.1.27/avrtoolchain/bin/../lib/gcc/avr/4.5.1/../../../../avr/lib/avr5\libm.a(fp_inf.o)
                                 0x84 (size before relaxing)
 .stab          0x00001374       0x54 c:/program files (x86)/atmel/avr studio 5.1/extensions/atmel/avrgcc/3.3.1.27/avrtoolchain/bin/../lib/gcc/avr/4.5.1/../../../../avr/lib/avr5\libm.a(fp_nan.o)
                                 0x60 (size before relaxing)
 .stab          0x000013c8       0x84 c:/program files (x86)/atmel/avr studio 5.1/extensions/atmel/avrgcc/3.3.1.27/avrtoolchain/bin/../lib/gcc/avr/4.5.1/../../../../avr/lib/avr5\libm.a(fp_pscA.o)
                                 0x90 (size before relaxing)
 .stab          0x0000144c       0x84 c:/program files (x86)/atmel/avr studio 5.1/extensions/atmel/avrgcc/3.3.1.27/avrtoolchain/bin/../lib/gcc/avr/4.5.1/../../../../avr/lib/avr5\libm.a(fp_pscB.o)
                                 0x90 (size before relaxing)
 .stab          0x000014d0       0xfc c:/program files (x86)/atmel/avr studio 5.1/extensions/atmel/avrgcc/3.3.1.27/avrtoolchain/bin/../lib/gcc/avr/4.5.1/../../../../avr/lib/avr5\libm.a(fp_round.o)
                                0x108 (size before relaxing)
 .stab          0x000015cc       0x6c c:/program files (x86)/atmel/avr studio 5.1/extensions/atmel/avrgcc/3.3.1.27/avrtoolchain/bin/../lib/gcc/avr/4.5.1/../../../../avr/lib/avr5\libc.a(memset.o)
                                 0x78 (size before relaxing)
 .stab          0x00001638      0x108 c:/program files (x86)/atmel/avr studio 5.1/extensions/atmel/avrgcc/3.3.1.27/avrtoolchain/bin/../lib/gcc/avr/4.5.1/../../../../avr/lib/avr5\libc.a(eerd_block_atmega168p.o)
                                0x114 (size before relaxing)
 .stab          0x00001740       0xe4 c:/program files (x86)/atmel/avr studio 5.1/extensions/atmel/avrgcc/3.3.1.27/avrtoolchain/bin/../lib/gcc/avr/4.5.1/../../../../avr/lib/avr5\libc.a(eeupd_block_atmega168p.o)
                                 0xf0 (size before relaxing)
 .stab          0x00001824      0x114 c:/program files (x86)/atmel/avr studio 5.1/extensions/atmel/avrgcc/3.3.1.27/avrtoolchain/bin/../lib/gcc/avr/4.5.1/../../../../avr/lib/avr5\libc.a(eeupd_byte_atmega168p.o)
                                0x120 (size before relaxing)

.stabstr        0x00000000      0x768
 *(.stabstr)
 .stabstr       0x00000000      0x768 c:/program files (x86)/atmel/avr studio 5.1/extensions/atmel/avrgcc/3.3.1.27/avrtoolchain/bin/../lib/gcc/avr/4.5.1/../../../../avr/lib/avr5/crtm168p.o

.stab.excl
 *(.stab.excl)

.stab.exclstr
 *(.stab.exclstr)

.stab.index
 *(.stab.index)

.stab.indexstr
 *(.stab.indexstr)

.comment
 *(.comment)

.debug
 *(.debug)

.line
 *(.line)

.debug_srcinfo
 *(.debug_srcinfo)

.debug_sfnames
 *(.debug_sfnames)

.debug_aranges
 *(.debug_aranges)

.debug_pubnames
 *(.debug_pubnames)

.debug_info
 *(.debug_info)
 *(.gnu.linkonce.wi.*)

.debug_abbrev
 *(.debug_abbrev)

.debug_line
 *(.debug_line)

.debug_frame
 *(.debug_frame)

.debug_str
 *(.debug_str)

.debug_loc
 *(.debug_loc)

.debug_macinfo
 *(.debug_macinfo)
OUTPUT(GeneratorController.elf elf32-avr)
LOAD linker stubs
